#Version;C
Cadeira Extensora;;legs,quadriceps
Cadeira Extensora;unilateral;legs,quadriceps
Cadeira Flexora;;legs,hamstrings
Cadeira Flexora;unilateral;legs,hamstrings
Máquina Flexora em Pé;unilateral;legs,hamstrings
Mesa Flexora;;legs,hamstrings
Mesa Flexora;unilateral;legs,hamstrings
Rack Squat;pés juntos ou muito próximos;legs,quadriceps
Rack Squat;pés na largura dos ombros;legs,quadriceps
Leg Press;45o,pés na largura dos ombros;legs,quadriceps,glutes
Leg Press;45o,pés juntos ou muito próximos;legs,quadriceps,glutes
Leg Press;articulado,pés na largura dos ombros;legs,quadriceps,glutes
Leg Press;pés juntos ou muito próximos,articulado;legs,quadriceps,glutes
Passadas;kettlebell;legs,hamstrings,quadriceps,quadriceps
Passadas;halter ou anilhas;legs,quadriceps,hamstrings,glutes
Passadas;barra;legs,quadriceps,hamstrings,glutes
Belt Squat;corpo ereto; legs,quadriceps
Belt Squat;sumô,corpo ereto; legs,quadriceps,glutes
Belt Squat;corpo inclinado; legs,quadriceps,hamstrings,glutes
Belt Squat;sumô,corpo inclinado; legs,quadriceps,hamstrings,glutes
Agachamento Livre;barra;legs,quadriceps,glutes,hamstrings
Agachamento Livre;sumô,barra;legs,quadriceps,glutes,hamstrings
Agachamento Livre;plataforma elevada,halter;legs,quadriceps,glutes,hamstrings
Agachamento Livre;sumô,plataforma elevada,halter;legs,quadriceps,glutes,hamstrings
Agachamento Smith;;legs,quadriceps,glutes,hamstrings
Agachamento Smith;sumô;legs,quadriceps,glutes,hamstrings
Agachamento Frontal;smith;;legs,quadriceps
Agachamento Frontal;barra,livre;legs,quadriceps
Agachamento Frontal;halter ou kettlebell ou anilha,livre;legs,quadriceps
Agachamento Pêndulo;pés juntos ou muito próximos;legs,quadriceps
Agachamento Pêndulo;pés na largura dos ombros;legs,quadriceps
Agachamento Búlgaro;halter;legs,quadriceps,hamstrings,glutes
Agachamento Búlgaro;smith;legs,quadriceps,hamstrings,glutes
Agachamento Búlgaro;máquina;legs,quadriceps,hamstrings,glutes
Agachamento Sissy;livre;legs,quadriceps
Agachamento Sissy;máquina;legs,quadriceps
Agachamento Máquina Sentado;pés juntos ou muito próximos;legs,quadriceps
Agachamento Máquina Sentado;pés na largura dos ombros;legs,quadriceps,hamstrings
Agachamento Máquina Plataforma Inclinada;de frente para a máquina;legs,quadriceps,hamstrings,glutes
Agachamento Máquina Plataforma Inclinada;encostado na máquina;legs,quadriceps
Stiff;barra;legs,hamstrings,glutes,lower back,middle back,upper back,traps
Stiff;halter ou kettlebell;legs,hamstrings,glutes,lower back,middle back,upper back,traps
Stiff;máquina;legs,hamstrings,glutes,lower back,middle back,upper back,traps
Bom dia;barra;legs,hamstrings
Bom dia;máquina;legs,hamstrings
Elevação Pélvica;livre,barra;glutes
Elevação Pélvica;máquina;glutes
Abdutora;cadeira;legs,glutes
Abdutora;unilateral,polia;legs,glutes
Adutora;cadeira;legs,glutes
Adutora;máquina em pé;legs,glutes
Adutora;unilateral,polia;legs,glutes
Coice;máquina;glutes
Coice;polia;glutes
Panturrilha em Pé;máquina;legs,calves
Panturrilha em Pé;smith;legs,calves
Panturrilha em Pé;livre;legs,calves
Panturrilha sentado;máquina;legs,calves
Panturrilha na Máquina;Leg Press;legs,calves
Panturrilha na Máquina;agachamento sentado;legs,calves
Levantamento Terra;livre,barra,convencional;legs,hamstrings,glutes,quadriceps,lower back,middle back,upper back,traps,fore arms
Levantamento Terra;livre,barra,sumô;legs,hamstrings,glutes,quadriceps,lower back,middle back,upper back,traps,fore arms
Levantamento Terra;smith,barra,convencional;legs,hamstrings,glutes,quadriceps,lower back,middle back,upper back,traps,fore arms
Levantamento Terra;smith,barra,sumô;legs,hamstrings,glutes,quadriceps,lower back,middle back,upper back,traps,fore arms
Levantamento Terra Parcial(1/2);livre,barra,convencional;legs,hamstrings,glutes,quadriceps,lower back,middle back,upper back,traps,fore arms
Levantamento Terra Parcial(1/2);livre,barra,sumô;legs,hamstrings,glutes,quadriceps,lower back,middle back,upper back,traps,fore arms
Levantamento Terra Parcial(1/2);smith,barra,convencional;legs,hamstrings,glutes,quadriceps,lower back,middle back,upper back,traps,fore arms
Levantamento Terra Parcial(1/2);smith,barra,sumô;legs,hamstrings,glutes,quadriceps,lower back,middle back,upper back,traps,fore arms
Levantamento Terra Parcial(3/4);livre,barra,convencional;hamstrings,glutes,quadriceps,lower back,middle back,upper back,traps,fore arms
Levantamento Terra Parcial(3/4);livre,barra,sumô;legs,hamstrings,glutes,quadriceps,lower back,middle back,upper back,traps,fore arms
Levantamento Terra Parcial(3/4);smith,barra,convencional;legs,hamstrings,glutes,quadriceps,lower back,middle back,upper back,traps,fore arms
Levantamento Terra Parcial(3/4);smith,barra,sumô;legs,hamstrings,glutes,quadriceps,lower back,middle back,upper back,traps,fore arms
Levantamento Terra;livre,barra hexagonal,convencional;legs,hamstrings,glutes,quadriceps,lower back,middle back,upper back,traps,fore arms
Levantamento Terra;smith,barra hexagonal,convencional;legs,hamstrings,glutes,quadriceps,lower back,middle back,upper back,traps,fore arms
Levantamento Terra Parcial(1/2);livre,barra hexagonal,convencional;legs,hamstrings,glutes,quadriceps,lower back,middle back,upper back,traps,fore arms
Levantamento Terra Parcial(1/2);smith,barra hexagonal,convencional;legs,hamstrings,glutes,quadriceps,lower back,middle back,upper back,traps,fore arms
Levantamento Terra Parcial(3/4);livre,barra hexagonal,convencional;legs,hamstrings,glutes,quadriceps,lower back,middle back,upper back,traps,fore arms
Levantamento Terra Parcial(3/4);smith,barra hexagonal,convencional;legs,hamstrings,glutes,quadriceps,lower back,middle back,upper back,traps,fore arms
Barra Fixa;sem peso,com strap;middle back,upper back,biceps,fore arms
Barra Fixa;sem peso,sem strap;middle back,upper back,biceps,fore arms
Barra Fixa;com peso,com strap;middle back,upper back,biceps,fore arms
Barra Fixa;com peso,sem strap;middle back,upper back,biceps,fore arms
Pull-Down;polia,barra;middle back
Pull-Down;polia,corda;middle back
Pull-Down;máquina;middle back
Puxada Frontal;polia,pegada pronada aberta;middle back,upper back,biceps,rear delts,fore arms
Puxada Frontal;polia,pegada pronada média;middle back,upper back,biceps,rear delts,fore arms
Puxada Frontal;polia,pegada pronada fechada;middle back,upper back,biceps,rear delts,fore arms
Puxada Frontal;polia,pegada supinada aberta;middle back,upper back,biceps,rear delts,fore arms
Puxada Frontal;polia,pegada supinada média;middle back,upper back,biceps,rear delts,fore arms
Puxada Frontal;polia,pegada supinada fechada;middle back,upper back,biceps,rear delts,fore arms
Puxada Frontal;polia,pegada neutra aberta;middle back,upper back,biceps,rear delts,fore arms
Puxada Frontal;polia,pegada neutra média;middle back,upper back,biceps,rear delts,fore arms
Puxada Frontal;polia,pegada neutra fechada;middle back,upper back,biceps,rear delts,fore arms
Puxada Frontal;polia,unilateral,pegada pronada;middle back,upper back,biceps,rear delts,fore arms
Puxada Frontal;polia,unilateral,pegada supinadas;middle back,upper back,biceps,rear delts,fore arms
Puxada Frontal;polia,unilateral,pegada neutra;middle back,upper back,biceps,rear delts,fore arms
Puxada Frontal;máquina articulada,pegada pronada;middle back,upper back,biceps,rear delts,fore arms
Puxada Frontal;máquina articulada,pegada supinada;middle back,upper back,biceps,rear delts,fore arms
Puxada Frontal;máquina articulada,pegada neutra;middle back,upper back,biceps,rear delts,fore arms
Puxada Atrás;polia,pegada pronada aberta;middle back,upper back,biceps,rear delts,fore arms
Puxada Atrás;polia,pegada pronada média;middle back,upper back,biceps,rear delts,fore arms
Puxada Atrás;polia,pegada supinada aberta;middle back,upper back,biceps,rear delts,fore arms
Puxada Atrás;polia,pegada supinada média;middle back,upper back,biceps,rear delts,fore arms
Puxada Atrás;polia,pegada neutra aberta;middle back,upper back,biceps,rear delts,fore arms
Puxada Atrás;polia,pegada neutra média;middle back,upper back,biceps,rear delts,fore arms
Remada Alta;máquina articulada,pegada pronada;upper back,rear delts,fore arms
Remada Alta;máquina articulada,pegada supinada;upper back,rear delts,fore arms
Remada Alta;máquina articulada,pegada neutra;upper back,rear delts,fore arms
Remada Alta;máquina articulada,unilateral, pegada pronada;upper back,rear delts,fore arms
Remada Alta;máquina articulada,unilateral,pegada supinada;upper back,rear delts,fore arms
Remada Alta;máquina articulada,unilateral,pegada neutra;upper back,rear delts,fore arms
Remada Baixa(Sentada);polia,pegada pronada aberta;middle back,upper back,lower back,biceps,rear delts,fore arms
Remada Baixa(Sentada);polia,pegada pronada média;middle back,upper back,lower back,biceps,rear delts,fore arms
Remada Baixa(Sentada);polia,pegada pronada fechada;middle back,upper back,lower back,biceps,rear delts,fore arms
Remada Baixa(Sentada);polia,unilateral,pegada pronada aberta;middle back,upper back,lower back,biceps,rear delts,fore arms
Remada Baixa(Sentada);polia,unilateral,pegada pronada média;middle back,upper back,lower back,biceps,rear delts,fore arms
Remada Baixa(Sentada);polia,unilateral,pegada pronada fechada;middle back,upper back,lower back,biceps,rear delts,fore arms
Remada Baixa(Sentada);polia,pegada supinada aberta;middle back,upper back,lower back,biceps,rear delts,fore arms
Remada Baixa(Sentada);polia,pegada supinada média;middle back,upper back,lower back,biceps,rear delts,fore arms
Remada Baixa(Sentada);polia,pegada supinada fechada;middle back,upper back,lower back,biceps,rear delts,fore arms
Remada Baixa(Sentada);polia,unilateral,pegada supinada aberta;middle back,upper back,lower back,biceps,rear delts,fore arms
Remada Baixa(Sentada);polia,unilateral,pegada supinada média;middle back,upper back,lower back,biceps,rear delts,fore arms
Remada Baixa(Sentada);polia,unilateral,pegada supinada fechada;middle back,upper back,lower back,biceps,rear delts,fore arms
Remada Baixa(Sentada);polia,pegada neutra aberta;middle back,upper back,lower back,biceps,rear delts,fore arms
Remada Baixa(Sentada);polia,pegada neutra média;middle back,upper back,lower back,biceps,rear delts,fore arms
Remada Baixa(Sentada);polia,pegada neutra fechada;middle back,upper back,lower back,biceps,rear delts,fore arms
Remada Baixa(Sentada);polia,unilateral,pegada neutra aberta;middle back,upper back,lower back,biceps,rear delts,fore arms
Remada Baixa(Sentada);polia,unilateral,pegada neutra média;middle back,upper back,lower back,biceps,rear delts,fore arms
Remada Baixa(Sentada);polia,unilateral,pegada neutra fechada;middle back,upper back,lower back,biceps,rear delts,fore arms
Remada Baixa;máquina articulada,pegada supinada;middle back,upper back,biceps,rear delts,fore arms
Remada Baixa;máquina articulada,pegada pronada;middle back,upper back,biceps,rear delts,fore arms
Remada Baixa;máquina articulada,unilateral,pegada supinada;middle back,upper back,biceps,rear delts,fore arms
Remada Baixa;máquina articulada,unilateral,pegada pronada;middle back,upper back,biceps,rear delts,fore arms
Remada Curvada;barra,pegada supinada;middle back,upper back,lower back,biceps,rear delts,fore arms
Remada Curvada;barra,pegada pronada;middle back,upper back,lower back,biceps,rear delts,fore arms
Remada Curvada;barra,pegada neutra;middle back,upper back,lower back,biceps,rear delts,fore arms
Remada Curvada;halter ou kettlebell,pegada supinada;middle back,upper back,lower back,biceps,rear delts,fore arms
Remada Curvada;halter ou kettlebell,pegada pronada;middle back,upper back,lower back,biceps,rear delts,fore arms
Remada Curvada;halter ou kettlebell,pegada neutra;middle back,upper back,lower back,biceps,rear delts,fore arms
Remada Curvada;máquina,pegada supinada;middle back,upper back,lower back,biceps,rear delts,fore arms
Remada Curvada;máquina,pegada pronada;middle back,upper back,lower back,biceps,rear delts,fore arms
Remada Curvada;máquina,pegada neutra;middle back,upper back,lower back,biceps,rear delts,fore arms
Remada Banco Inclinado; halter ou kettlebell,pegada supinada;middle back,upper back,biceps,rear delts,fore arms
Remada Banco Inclinado; halter ou kettlebell,pegada pronada;middle back,upper back,biceps,rear delts,fore arms
Remada Banco Inclinado; halter ou kettlebell,pegada neutra;middle back,upper back,biceps,rear delts,fore arms,fore arms
Remada Banco Reto; halter ou kettlebell,pegada supinada;middle back,upper back,biceps,rear delts,fore arms
Remada Banco Reto; halter ou kettlebell,pegada pronada;middle back,upper back,biceps,rear delts,fore arms
Remada Banco Reto; halter ou kettlebell,pegada neutra;middle back,upper back,biceps,rear delts,fore arms
Remada Cavalinho;barra,pegada neutra;middle back,upper back,lower back,biceps,rear delts,fore arms
Remada Cavalinho;barra,pegada pronada;middle back,upper back,lower back,biceps,rear delts,fore arms
Remava Cavalinho;belt squat,pegada neutra;middle back,upper back,lower back,biceps,rear delts,fore arms
Remada Cavalinho;belt squat,pegada pronada;middle back,upper back,lower back,biceps,rear delts,fore arms
Remada Cavalinho;máquina,pegada neutra;middle back,upper back,lower back,biceps,rear delts,fore arms
Remada Cavalinho;máquina,pegada supinada;middle back,upper back,lower back,biceps,rear delts,fore arms
Remada Cavalinho;máquina,pegada pronada;middle back,upper back,lower back,biceps,rear delts,fore arms
Serrote;halter ou kettlebell;middle back,upper back,lower back
Pull-Over;barra,halter,anilha ou kettlebell,pegada neutra; middle back
Pull-Over;barra,halter,anilha ou kettlebell,pegada pronada; middle back
Abdominal Reto;parcial;abs
Abdominal Reto;completo;abs
Abdominal Declinado;parcial,sem peso;abs
Abdominal Declinado;completo,sem peso;abs
Abdominal Declinado;parcial,com peso;abs
Abdominal Declinado;completo,com peso;abs
Abdominal na Barra Paralela;sem peso;abs
Abdominal na Barra Paralela;com peso;abs
Abdominal na Barra Fixa;sem peso;abs,fore arms
Abdominal na Barra Fixa;com peso;abs,fore arms
Abdominal na Máquina;reto;abs
Abdominal na Máquina;lateral;abs
Supino Reto;barra;middle chest,triceps,front delts
Supino Reto;halter;middle chest,triceps,front delts
Supino Reto;maquina,pegada neutra;middle chest,triceps,front delts
Supino Reto;maquina,pegada pronada;middle chest,triceps,front delts
Supino Inclinado 45o;barra;upper chest,triceps,front delts
Supino Inclinado 45o;halter;upper chest,triceps,front delts
Supino Inclinado 45o;maquina,pegada neutra;upper chest,triceps,front delts
Supino Inclinado 45o;maquina,pegada pronada;upper chest,triceps,front delts
Supino Inclinado 30o;barra;upper chest,middle chest,triceps,front delts
Supino Inclinado 30o;halter;upper chest,middle chest,triceps,front delts
Supino Inclinado 30o;maquina,pegada neutra;upper chest,middle chest,triceps,front delts
Supino Inclinado 30o;maquina,pegada pronada;upper chest,middle chest,triceps,front delts
Supino Declinado;barra;lower chest,middle chest,triceps,front delts
Supino Declinado;halter;lower chest,middle chest,triceps,front delts
Supino Declinado;maquina,pegada neutra;lower chest,middle chest,triceps,front delts
Supino Declinado;maquina,pegada pronada;lower chest,middle chest,triceps,front delts
Flexão 180o;chão;middle chest,triceps,front delts
Flexão 180o;pegador neutro para flexão;middle chest,triceps,front delts,fore arms
Flexão Pés acima do nível da cabeça;chão;upper chest,triceps,front delts
Flexão Pés acima do nível da cabeça;pegador neutro para flexão;upper chest,triceps,front delts,fore arms
Crucifixo Reto;halter;middle chest,front delts,fore arms
Crucifixo Reto;máquina deitada;middle chest,front delts
Crucifixo Reto;máquina sentada;middle chest,front delts
Crucifixo Inclinado 45o;halter;upper chest,middle chest,front delts,fore arms
Crucifixo Inclinado 45o;máquina deitada;upper chest,front delts
Crucifixo Inclinado 45o;máquina sentada;upper chest,front delts
Crucifixo Inclinado 30o;halter;upper chest,middle chest,front delts,fore arms
Crucifixo Inclinado 30o;máquina deitada;upper chest,middle chest,front delts,fore arms
Crucifixo Inclinado 30o;máquina sentada;upper chest,middle chest,front delts,fore arms
Crossover;polia,pegada alta;lower chest,front delts
Crossover;polia,pegada média;middle chest,front delts
Crossover;polia,pegada baixa;upper chest,front delts
Barras paralelas;corpo ligeiramento inclinado;upper chest,triceps,front delts
Barras paralelas;corpo 90o;upper chest,triceps,front delts
Elevação Lateral;halter,sentado;lateral delts,fore arms
Elevação Lateral;halter,em pé;lateral delts,fore arms
Elevação Lateral;máquina;lateral delts
Elevação Lateral;polia;lateral delts,fore arms
Elevação Lateral;polia,alternado;lateral delts,fore arms
Elevação Frontal;halter,em pé,pegada neutra;front delts,fore arms
Elevação Frontal;halter,sentado,pegada neutra;front delts,fore arms
Elevação Frontal;halter,alternado,pegada neutra,em pé;front delts,fore arms
Elevação Frontal;halter,alternado,pegada neutra,sentado;front delts,fore arms
Elevação Frontal;halter,em pé,pegada pronada;front delts,fore arms
Elevação Frontal;halter,sentado,pegada pronada;front delts,fore arms
Elevação Frontal;halter,alternado,pegada pronada,em pé;front delts,fore arms
Elevação Frontal;halter,alternado,pegada pronada,sentado;front delts,fore arms
Elevação Frontal;halter,em pé,pegada supinada;front delts,fore arms
Elevação Frontal;halter,sentado,pegada supinada;front delts,fore arms
Elevação Frontal;halter,alternado,pegada supinada,em pé;front delts,fore arms
Elevação Frontal;halter,alternado,pegada supinada,sentado;front delts,fore arms
Elevação Frontal;halter,banco inclinado,pegada supinada;front delts,fore arms
Elevação Frontal;halter,banco inclinado,pegada supinada,em pé;front delts,fore arms
Elevação Frontal;halter,banco inclinado,pegada supinada,sentado;front delts,fore arms
Elevação Frontal;barra,em pé,pegada neutra;front delts,fore arms
Elevação Frontal;barra,sentado,pegada neutra;front delts,fore arms
Elevação Frontal;barra,em pé,pegada pronada;front delts,fore arms
Elevação Frontal;barra,sentado,pegada pronada;front delts,fore arms
Elevação Frontal;barra,em pé,pegada supinada;front delts,fore arms
Elevação Frontal;barra,sentado,pegada supinada;front delts,fore arms
Elevação Frontal;polia,pegada neutra;front delts,fore arms
Elevação Frontal;polia,pegada supinada;front delts,fore arms
Elevação Frontal;polia,pegada pronada;front delts,fore arms
Elevação Posterior;halter,em pé;rear delts,fore arms
Elevação Posterior;halter,em pé,cabeça apoiada;rear delts,fore arms
Elevação Posterior;halter,sentado;rear delts,fore arms
Encolhimento frontal;halter;traps,rear delts,fore arms
Encolhimento frontal;barra;traps,rear delts,fore arms
Encolhimento frontal;smith;traps,rear delts,fore arms
Encolhimento frontal;barra hexagonal;traps,rear delts,fore arms
Encolhimento posterior;barra;traps,rear delts,fore arms
Encolhimento posterior;smith;traps,rear delts,fore arms
Arnold Press;halter,sentado;ombro
Arnold Press;halter,em pé;ombro
Desenvolvimento Frontal;halter,sentado,pegada neutra;front delts,triceps
Desenvolvimento Frontal;halter,em pé,pegada neutra;front delts,triceps,lower back
Desenvolvimento Frontal;halter,sentado,pegada pronada;front delts,triceps
Desenvolvimento Frontal;halter,em pé,pegada pronada;front delts,triceps,lower back
Desenvolvimento Frontal;máquina;front delts,triceps
Desenvolvimento Frontal;barra;front delts,triceps
Desenvolvimento Frontal;smith;front delts,triceps
Desenvolvimento Millitar;barra;front delts,triceps,lower back
Desenvolvimento Millitar;halter;front delts,triceps,lower back
Crucifixo Inverso(Voador);halter;rear delts,fore arms
Crucifixo Inverso(Voador);máquina;rear delts
Crucifixo Inverso(Voador);polia;rear delts,fore arms
Crucifixo Inverso(Voador);polia,unilateral;rear delts,fore arms
Rosca Direta;halter,em pé;biceps,fore arms
Rosca Direta;halter,em pé,alternado;biceps,fore arms
Rosca Direta;halter,sentado;biceps,fore arms
Rosca Direta;halter,sentado,alternado;biceps,fore arms
Rosca Direta;halter,banco inclinado;biceps,fore arms
Rosca Direta;halter,banco inclinado,alternado;biceps,fore arms
Rosca Direta;barra,em pé;biceps,fore arms
Rosca Direta;barra,sentado;biceps,fore arms
Rosca Direta;polia;biceps,fore arms
Rosca Direta;polia,alternado;biceps,fore arms
Rosca Direta;polia,barra reta;biceps,fore arms
Rosca Direta;polia,barra W ou V;biceps,fore arms
Rosca Direta;máquina;biceps,fore arms
Rosca Direta mesa Scott;sentado;biceps,fore arms
Rosca Direta mesa Scott;em pé;biceps,fore arms
Rosca Direta mesa Scott;lado inverso;biceps,fore arms
Rosca Martelo;halter,em pé;biceps,fore arms
Rosca Martelo;halter,em pé,alternado;biceps,fore arms
Rosca Martelo;halter,sentado;biceps,fore arms
Rosca Martelo;halter,sentado,alternado;biceps,fore arms
Rosca Martelo;halter,banco inclinado;biceps,fore arms
Rosca Martelo;halter,banco inclinado,alternado;biceps,fore arms
Rosca Martelo;barra,em pé;biceps,fore arms
Rosca Martelo;barra,sentado;biceps,fore arms
Rosca Martelo;polia;biceps,fore arms
Rosca Martelo;polia,alternado;biceps,fore arms
Extensão de Tríceps;polia,barra reta;triceps
Extensão de Tríceps;polia,barra W ou V;triceps
Extensão de Tríceps;máquina;triceps
Tríceps Coice;polia;triceps
Tríceps Coice;halter;triceps
Tríceps Francês;halter;triceps
Tríceps Francês;halter,alternado;triceps
Tríceps Francês;barra;triceps
Tríceps Francês;polia;triceps
Tríceps Testa;barra,banco reto;triceps
Tríceps Testa;barra,banco inclinado;triceps
Tríceps Testa;halter,banco reto;triceps
Tríceps Testa;halter,banco inclinado;triceps
Tríceps Testa;polia;triceps
Tríceps Corda;polia;triceps
Supino Fechado;barra;triceps,chest,front delts
Supino Fechado;smith;triceps,chest,front delts
Supino Fechado;halter;triceps,chest,front delts
Mergulho no banco;legs no chão;tríceps,chest,front delts
Mergulho no banco;legs elevadas;tríceps,chest,front delts
